@shared-law
Feature: Location-Blind Portability # tests/features/core-infrastructure/location-blind-portability.feature:2
  As a User of the VDE
  I require the system to correctly scope itself to its installation directory
  Regardless of my current working directory on the filesystem
  So that I can execute "vde" from anywhere with absolute integrity
  @shared-law
  Feature: Location-Blind Portability  # tests/features/core-infrastructure/location-blind-portability.feature:2

  Scenario: Invoking VDE CLI from an external directory                             # tests/features/core-infrastructure/location-blind-portability.feature:11
    Given the 4 Pillars (Zsh, Git, Docker, SSH) have passed their individual proofs # tests/features/steps/system_spine_steps.py:419
    Given I change the current working directory to "/tmp"                          # tests/features/steps/portability_steps.py:13
    When I execute the absolute path of "bin/vde" with "list --lang --name-only"    # tests/features/steps/portability_steps.py:19
    Then the output should contain "vde-"                                           # tests/features/steps/critical_steps.py:345
    And the return code should be 0                                                 # tests/features/steps/system_spine_steps.py:366

  Scenario: Sourcing VDE Constants from an external directory                       # tests/features/core-infrastructure/location-blind-portability.feature:17
    Given the 4 Pillars (Zsh, Git, Docker, SSH) have passed their individual proofs # tests/features/steps/system_spine_steps.py:419
    Given I change the current working directory to "/tmp"                          # tests/features/steps/portability_steps.py:13
    When I source the absolute path of "lib/vde-constants" in a new Zsh shell       # tests/features/steps/portability_steps.py:33
    Then the variable "VDE_ROOT_DIR" should point to the VDE installation directory # tests/features/steps/portability_steps.py:46
    And the variable "VDE_ROOT_DIR" should not be "."                               # tests/features/steps/portability_steps.py:54

