[CONFIG] ✓ Loaded pytest-config.json (version 1.0)
============================= test session starts ==============================
platform darwin -- Python 3.13.7, pytest-9.0.2, pluggy-1.6.0 -- /usr/local/bin/python3
cachedir: .pytest_cache
rootdir: /Users/dderyldowney/dev
configfile: pytest.ini
testpaths: tests/unit
collecting ... collected 72 items

tests/unit/test_docker_helpers.py::TestGetVdeRoot::test_bin_vde_exists PASSED [  1%]
tests/unit/test_docker_helpers.py::TestGetVdeRoot::test_env_var_override PASSED [  2%]
tests/unit/test_docker_helpers.py::TestGetVdeRoot::test_returns_string PASSED [  4%]
tests/unit/test_docker_helpers.py::TestRunVdePs::test_json_flag_returns_json PASSED [  5%]
tests/unit/test_docker_helpers.py::TestRunVdePs::test_nonexistent_filter_empty PASSED [  6%]
tests/unit/test_docker_helpers.py::TestRunVdePs::test_quiet_flag_succeeds PASSED [  8%]
tests/unit/test_docker_helpers.py::TestWithContainer::test_container_exists_nonexistent_false PASSED [  9%]
tests/unit/test_docker_helpers.py::TestWithContainer::test_container_exists_running_true PASSED [ 11%]
tests/unit/test_docker_helpers.py::TestWithContainer::test_execute_echo_succeeds PASSED [ 12%]
tests/unit/test_docker_helpers.py::TestWithContainer::test_execute_false_nonzero_rc PASSED [ 13%]
tests/unit/test_docker_helpers.py::TestWithContainer::test_execute_result_has_required_keys PASSED [ 15%]
tests/unit/test_docker_helpers.py::TestWithContainer::test_list_containers_all_flag_returns_list PASSED [ 16%]
tests/unit/test_docker_helpers.py::TestWithContainer::test_list_containers_includes_python PASSED [ 18%]
tests/unit/test_docker_helpers.py::TestWithContainer::test_list_containers_returns_list PASSED [ 19%]
tests/unit/test_docker_helpers.py::TestWithContainer::test_verify_running_has_required_keys PASSED [ 20%]
tests/unit/test_docker_helpers.py::TestWithContainer::test_verify_running_names_field_contains_container PASSED [ 22%]
tests/unit/test_docker_helpers.py::TestWithContainer::test_verify_running_nonexistent_raises PASSED [ 23%]
tests/unit/test_docker_helpers.py::TestWithContainer::test_verify_running_returns_dict PASSED [ 25%]
tests/unit/test_docker_helpers.py::TestWithContainer::test_verify_stopped_nonexistent_is_true PASSED [ 26%]
tests/unit/test_docker_helpers.py::TestWithContainer::test_verify_stopped_running_container_is_false PASSED [ 27%]
tests/unit/test_shell_helpers.py::TestGetVdeRoot::test_env_override PASSED [ 29%]
tests/unit/test_shell_helpers.py::TestGetVdeRoot::test_returns_string PASSED [ 30%]
tests/unit/test_shell_helpers.py::TestWithContainer::test_execute_failing_command_nonzero_rc PASSED [ 31%]
tests/unit/test_shell_helpers.py::TestWithContainer::test_execute_nonexistent_container_errors PASSED [ 33%]
tests/unit/test_shell_helpers.py::TestWithContainer::test_execute_output PASSED [ 34%]
tests/unit/test_shell_helpers.py::TestWithContainer::test_execute_pipe PASSED [ 36%]
tests/unit/test_shell_helpers.py::TestWithContainer::test_execute_returns_dict PASSED [ 37%]
tests/unit/test_shell_helpers.py::TestWithContainer::test_execute_stderr_captured PASSED [ 38%]
tests/unit/test_shell_helpers.py::TestWithContainer::test_existing_file_returns_true PASSED [ 40%]
tests/unit/test_shell_helpers.py::TestWithContainer::test_home_var_exists PASSED [ 41%]
tests/unit/test_shell_helpers.py::TestWithContainer::test_nonexistent_file_returns_false PASSED [ 43%]
tests/unit/test_shell_helpers.py::TestWithContainer::test_nonexistent_var_returns_none PASSED [ 44%]
tests/unit/test_shell_helpers.py::TestWithContainer::test_path_var_exists PASSED [ 45%]
tests/unit/test_shell_helpers.py::TestWithContainer::test_python3_binary_exists PASSED [ 47%]
tests/unit/test_shell_helpers.py::TestWithContainer::test_verify_output_failing_command_returns_false PASSED [ 48%]
tests/unit/test_shell_helpers.py::TestWithContainer::test_verify_output_match_returns_true PASSED [ 50%]
tests/unit/test_shell_helpers.py::TestWithContainer::test_verify_output_mismatch_returns_false PASSED [ 51%]
tests/unit/test_shell_helpers.py::TestWithContainer::test_verify_output_partial_match PASSED [ 52%]
tests/unit/test_test_utilities.py::TestCreateTestVmConfig::test_creates_file PASSED [ 54%]
tests/unit/test_test_utilities.py::TestCreateTestVmConfig::test_file_contains_vm_type PASSED [ 55%]
tests/unit/test_test_utilities.py::TestCreateTestVmConfig::test_file_contains_container_name PASSED [ 56%]
tests/unit/test_test_utilities.py::TestCreateTestVmConfig::test_filename_pattern PASSED [ 58%]
tests/unit/test_test_utilities.py::TestCreateTestVmConfig::test_custom_settings_in_file PASSED [ 59%]
tests/unit/test_test_utilities.py::TestCreateTestVmConfig::test_default_settings_none PASSED [ 61%]
tests/unit/test_test_utilities.py::TestWaitForCondition::test_immediately_true PASSED [ 62%]
tests/unit/test_test_utilities.py::TestWaitForCondition::test_becomes_true_after_delay PASSED [ 63%]
tests/unit/test_test_utilities.py::TestWaitForCondition::test_timeout_returns_false PASSED [ 65%]
tests/unit/test_test_utilities.py::TestWaitForCondition::test_interval_respected PASSED [ 66%]
tests/unit/test_test_utilities.py::TestRegisterCleanupHandler::test_handler_registered PASSED [ 68%]
tests/unit/test_test_utilities.py::TestRegisterCleanupHandler::test_duplicate_not_added PASSED [ 69%]
tests/unit/test_test_utilities.py::TestRegisterCleanupHandler::test_multiple_handlers PASSED [ 70%]
tests/unit/test_test_utilities.py::TestBeforeScenario::test_initializes_temp_files PASSED [ 72%]
tests/unit/test_test_utilities.py::TestBeforeScenario::test_initializes_test_containers PASSED [ 73%]
tests/unit/test_test_utilities.py::TestBeforeScenario::test_cleanup_containers_tag_sets_flag PASSED [ 75%]
tests/unit/test_test_utilities.py::TestBeforeScenario::test_no_special_tags_no_cleanup_flag PASSED [ 76%]
tests/unit/test_test_utilities.py::TestBeforeScenario::test_requires_docker_tag_docker_available PASSED [ 77%]
tests/unit/test_test_utilities.py::TestCleanupPortRegistry::test_no_registry_file_is_noop PASSED [ 79%]
tests/unit/test_test_utilities.py::TestCleanupPortRegistry::test_removes_test_prefixed_entries 
-------------------------------- live log call ---------------------------------
INFO     test_utilities:test_utilities.py:153 Removed 2 test entries from port registry
PASSED                                                                   [ 80%]
tests/unit/test_test_utilities.py::TestCleanupFunctionsWithNoTargets::test_cleanup_test_containers_noop PASSED [ 81%]
tests/unit/test_test_utilities.py::TestCleanupFunctionsWithNoTargets::test_cleanup_docker_networks_noop PASSED [ 83%]
tests/unit/test_test_utilities.py::TestCleanupFunctionsWithNoTargets::test_cleanup_docker_volumes_noop PASSED [ 84%]
tests/unit/test_test_utilities.py::TestCleanupFunctionsWithNoTargets::test_cleanup_test_vms_noop PASSED [ 86%]
tests/unit/test_vde_validation.py::TestSchemaValidation::test_validate_vm_types_json PASSED [ 87%]
tests/unit/test_vde_validation.py::TestSchemaValidation::test_validate_docker_config_json PASSED [ 88%]
tests/unit/test_vde_validation.py::TestSchemaValidation::test_validate_behave_config_json PASSED [ 90%]
tests/unit/test_vde_validation.py::TestSchemaValidation::test_validate_pytest_config_json PASSED [ 91%]
tests/unit/test_vde_validation.py::TestSchemaValidation::test_invalid_json_fails_validation PASSED [ 93%]
tests/unit/test_vde_validation.py::TestConfigVersioning::test_get_config_version PASSED [ 94%]
tests/unit/test_vde_validation.py::TestConfigVersioning::test_check_schema_compatibility PASSED [ 95%]
tests/unit/test_vde_validation.py::TestConfigParsing::test_parse_vm_types PASSED [ 97%]
tests/unit/test_vde_validation.py::TestConfigParsing::test_parse_docker_config PASSED [ 98%]
tests/unit/test_vde_validation.py::TestConfigIntegration::test_vm_common_loads_validated_config PASSED [100%]

============================= 72 passed in 33.53s ==============================
