
[1;33mRunning: vde-commands Comprehensive Tests[0m
================================
2026-03-07T20:48:26-0500 [INFO ] [vde] Using JSON VM types config: /Users/dderyldowney/dev/data/vm-types.json
2026-03-07T20:48:26-0500 [INFO ] [vde] Validating config against schema: /Users/dderyldowney/dev/data/vm-types.schema.json
[INFO] Schema validation passed: /Users/dderyldowney/dev/data/vm-types.json
2026-03-07T20:48:27-0500 [INFO ] [vde] Loading VM types from cache...
2026-03-07T20:48:27-0500 [INFO ] [vde] Cache loaded successfully
2026-03-07T20:48:27-0500 [INFO ] [vde] VM types loaded from cache

[1;33mConfiguration - Dry Run Mode[0m
--------------------------------
[0;32m✓[0m vde_set_dry_run function available
[0;32m✓[0m vde_set_dry_run disable works

[1;33mConfiguration - Logging[0m
--------------------------------
[0;32m✓[0m should create log directory
[0;32m✓[0m log_command_action function available

[1;33mQuery Functions - List VMs[0m
--------------------------------
[0;32m✓[0m all VMs should include python
[0;32m✓[0m all VMs should include postgres
[0;32m✓[0m language VMs should include python
[0;32m✓[0m language VMs should include rust
[0;32m✓[0m Language VMs don't include services
[0;32m✓[0m service VMs should include postgres
[0;32m✓[0m service VMs should include redis
[0;32m✓[0m Service VMs don't include languages

[1;33mQuery Functions - VM Existence[0m
--------------------------------
[0;32m✓[0m python VM exists
[0;32m✓[0m nonexistent VM correctly doesn't exist

[1;33mQuery Functions - VM Information[0m
--------------------------------
[0;32m✓[0m python should be lang type
[0;32m✓[0m postgres should be service type
[0;32m✓[0m python should have display name with Python
[0;32m✓[0m python should have python3 alias

[1;33mQuery Functions - Alias Resolution[0m
--------------------------------
[0;32m✓[0m should resolve python3 to vde-python
[0;32m✓[0m should resolve nodejs to vde-js
[0;32m✓[0m should resolve golang to vde-go
[0;32m✓[0m non-alias should return canonical vde-rust

[1;33mQuery Functions - VM Validation[0m
--------------------------------
[0;32m✓[0m python is valid VM type
[0;32m✓[0m postgres is valid VM type
[0;32m✓[0m invalid_vm correctly identified as invalid

[1;33mQuery Functions - SSH Info[0m
--------------------------------
[0;32m✓[0m vde_get_ssh_info works for python

[1;33mAction Functions - Create VM (Dry Run)[0m
--------------------------------
[0;32m✓[0m vde_create_vm function available

[1;33mAction Functions - Start VM (Dry Run)[0m
--------------------------------
[0;32m✓[0m vde_start_vm function available

[1;33mAction Functions - Stop VM (Dry Run)[0m
--------------------------------
[0;32m✓[0m vde_stop_vm function available

[1;33mAction Functions - Restart VM (Dry Run)[0m
--------------------------------
[0;32m✓[0m vde_restart_vm function available

[1;33mBatch Operations - Create Multiple VMs[0m
--------------------------------
[0;32m✓[0m vde_create_multiple_vms accepts multiple VMs

[1;33mBatch Operations - Start Multiple VMs[0m
--------------------------------
[0;32m✓[0m vde_start_multiple_vms accepts multiple VMs

[1;33mBatch Operations - Stop Multiple VMs[0m
--------------------------------
[0;32m✓[0m vde_stop_multiple_vms accepts multiple VMs

[1;33mEdge Cases - Empty VM Name[0m
--------------------------------
[0;32m✓[0m Correctly handles empty VM name

[1;33mEdge Cases - Special Characters in VM Name[0m
--------------------------------
[0;32m✓[0m Correctly rejects invalid VM name format

[1;33mEdge Cases - Case Sensitivity[0m
--------------------------------
[0;32m✓[0m vde_resolve_alias handles non-existent alias (PYTHON)

[1;33mEdge Cases - Multiple Aliases[0m
--------------------------------
[0;32m✓[0m should resolve py to vde-python

[1;33mEdge Cases - Language vs Service VMs[0m
--------------------------------
[0;32m✓[0m Language VMs correctly excluded from service list
[0;32m✓[0m Service VMs correctly excluded from language list

[1;33mIntegration - VM Type Detection[0m
--------------------------------
[0;32m✓[0m vm-common type detection works
[0;32m✓[0m vm-common service type works

[1;33mIntegration - All VMs Enumeration[0m
--------------------------------
[0;32m✓[0m Both vde_list_vms and get_all_vms return VMs

[1;33mPerformance - Large VM Lists[0m
--------------------------------
[0;32m✓[0m Listing all VMs took 3ms (< 1000ms)

[1;33mPerformance - Multiple Resolutions[0m
--------------------------------
[0;32m✓[0m 100 resolutions took 36ms (< 500ms)

[1;33mReal-World - Full Stack Query[0m
--------------------------------
[0;32m✓[0m python available for full stack
[0;32m✓[0m postgres available for full stack
[0;32m✓[0m redis available for full stack

[1;33mReal-World - Microservice Stack[0m
--------------------------------
[0;32m✓[0m go available for microservices
[0;32m✓[0m rust available for microservices
[0;32m✓[0m mongodb available for microservices
[0;32m✓[0m nginx available for microservices

[1;33mReal-World - Data Science Stack[0m
--------------------------------
[0;32m✓[0m python available for data science
[0;32m✓[0m r available for data science

[1;33mReal-World - Alias Resolution Chain[0m
--------------------------------
[0;32m✓[0m Alias 'py' resolves to vde-python
[0;32m✓[0m Alias 'python3' resolves to vde-python
[0;32m✓[0m Alias 'python' resolves to vde-python

================================
Test Suite: vde-commands Comprehensive Tests
Tests Run: 56
[0;32mPassed: 56[0m

